MMMMMMMMMMMMMMMMMMMMMMMMMMMMMMMMMMMMMMMMMMMMMMMMMMMMMMMMMMMMMMMMMMMMMMMMMMMMMMMMMMMMMMMMMMMMMMMMMMMM
MooooooooooooooooooooooooooooooooooooooooooooooooooooooooooooooooooooooooooooooooooooooooooooooooooM
Mo                                                                                                oM
Mo                                                                                                oM
Mo                                                                                                oM
Mo                                                                                                oM
Mo                                                                                                oM
Mo                                                                                                oM
Mo                                                                                                oM
Mo                                                                                                oM
Mo                                                                                                oM
Mo                                                                                                oM
Mo                                                                                                oM
Mo                                                                                                oM
Mo                                                                                                oM
Mo                                                                                                oM
Mo                                                                                                oM
Mo                                                                                                oM
Mo                                                                                                oM
Mo                                                                                                oM
Mo                                                                                                oM
Mo                                                                                                oM
Mo                                                                                                oM
Mo                                                                                                oM
Mo                                                                                                oM
Mo                                                                                                oM
Mo                                                                                                oM
Mo                                                                                                oM
Mo                                                                                                oM
Mo                                                                                                oM
Mo                                                                                                oM
Mo                                                                                                oM
Mo                                                                                                oM
Mo                                                                                                oM
Mo                                                                                                oM
Mo                                                                                                oM
Mo                                                                                                oM
Mo                                                                                                oM
MooooooooooooooooooooooooooooooooooooooooooooooooooooooooooooooooooooooooooooooooooooooooooooooooooM
MMMMMMMMMMMMMMMMMMMMMMMMMMMMMMMMMMMMMMMMMMMMMMMMMMMMMMMMMMMMMMMMMMMMMMMMMMMMMMMMMMMMMMMMMMMMMMMMMMMM