MMMMMMMMMMMMMMMMMMMMMMMMMMMMMMMMMMMMMMMMMMMMMMMMMMMMMMMMMMMMMMMMMMMMMMMMMMMMMMMMMMMMMMMMMMMMMMMMMMMM
MooooooooooooooooooooooooooooooooooooooooooooooooooooooooooooooooooooooooooooooooooooooooooooooooooM
Mo                                                                                                oM
Mo                                                                                                oM
Mo                                                                                                oM
Mo                                                                                                oM
Mo                                                                                                oM
Mo                                                                                                oM
Mo                                                                                                oM
Mo                                                                                                oM
Mo                                                                                                oM
Mo                           oooooooooooooooooooooooooooooooooooooooooo                           oM
Mo                           oTTTTTTTTTTTTTTTTTTTTTTTTTTTTTTTTTTTTTTTTo                           oM
Mo                           oTTTTTTTTTTTTTTTTTTTTTTTTTTTTTTTTTTTTTTTTo                           oM
Mo                           oooooooooooooooooooooooooooooooooooooooooo                           oM
                                                                                                    
                                                                                                    
                                                                                                    
                                                                                                    
                                                                                                    
                                                                                                    
                                                                                                    
                                                                                                    
                                                                                                    
Mo                           oooooooooooooooooooooooooooooooooooooooooo                           oM  
Mo                           oTTTTTTTTTTTTTTTTTTTTTTTTTTTTTTTTTTTTTTTTo                           oM
Mo                           oTTTTTTTTTTTTTTTTTTTTTTTTTTTTTTTTTTTTTTTTo                           oM
Mo                           oooooooooooooooooooooooooooooooooooooooooo                           oM
Mo                                                                                                oM
Mo                                                                                                oM
Mo                                                                                                oM
Mo                                                                                                oM
Mo                                                                                                oM
Mo                                                                                                oM
Mo                                                                                                oM
Mo                                                                                                oM
Mo                                                                                                oM
Mo                                                                                                oM
MooooooooooooooooooooooooooooooooooooooooooooooooooooooooooooooooooooooooooooooooooooooooooooooooooM
MMMMMMMMMMMMMMMMMMMMMMMMMMMMMMMMMMMMMMMMMMMMMMMMMMMMMMMMMMMMMMMMMMMMMMMMMMMMMMMMMMMMMMMMMMMMMMMMMMMM